[2025-09-13 20:24:23 +0000] [44] [INFO] Starting gunicorn 21.2.0
[2025-09-13 20:24:23 +0000] [44] [INFO] Listening at: http://0.0.0.0:8000 (44)
[2025-09-13 20:24:23 +0000] [44] [INFO] Using worker: uvicorn.workers.UvicornWorker
[2025-09-13 20:24:23 +0000] [50] [INFO] Booting worker with pid: 50
[2025-09-13 20:24:23 +0000] [51] [INFO] Booting worker with pid: 51
[2025-09-13 20:24:23 +0000] [52] [INFO] Booting worker with pid: 52
[2025-09-13 20:24:23 +0000] [53] [INFO] Booting worker with pid: 53
[2025-09-13 20:24:24 +0000] [50] [ERROR] Exception in worker process
Traceback (most recent call last):
  File "/usr/local/lib/python3.12/site-packages/gunicorn/arbiter.py", line 609, in spawn_worker
    worker.init_process()
  File "/usr/local/lib/python3.12/site-packages/uvicorn/workers.py", line 75, in init_process
    super().init_process()
  File "/usr/local/lib/python3.12/site-packages/gunicorn/workers/base.py", line 134, in init_process
    self.load_wsgi()
  File "/usr/local/lib/python3.12/site-packages/gunicorn/workers/base.py", line 146, in load_wsgi
    self.wsgi = self.app.wsgi()
                ^^^^^^^^^^^^^^^
  File "/usr/local/lib/python3.12/site-packages/gunicorn/app/base.py", line 67, in wsgi
    self.callable = self.load()
                    ^^^^^^^^^^^
  File "/usr/local/lib/python3.12/site-packages/gunicorn/app/wsgiapp.py", line 58, in load
    return self.load_wsgiapp()
           ^^^^^^^^^^^^^^^^^^^
  File "/usr/local/lib/python3.12/site-packages/gunicorn/app/wsgiapp.py", line 48, in load_wsgiapp
    return util.import_app(self.app_uri)
           ^^^^^^^^^^^^^^^^^^^^^^^^^^^^^
  File "/usr/local/lib/python3.12/site-packages/gunicorn/util.py", line 371, in import_app
    mod = importlib.import_module(module)
          ^^^^^^^^^^^^^^^^^^^^^^^^^^^^^^^
  File "/usr/local/lib/python3.12/importlib/__init__.py", line 90, in import_module
    return _bootstrap._gcd_import(name[level:], package, level)
           ^^^^^^^^^^^^^^^^^^^^^^^^^^^^^^^^^^^^^^^^^^^^^^^^^^^^
  File "<frozen importlib._bootstrap>", line 1387, in _gcd_import
  File "<frozen importlib._bootstrap>", line 1360, in _find_and_load
  File "<frozen importlib._bootstrap>", line 1331, in _find_and_load_unlocked
  File "<frozen importlib._bootstrap>", line 935, in _load_unlocked
  File "<frozen importlib._bootstrap_external>", line 999, in exec_module
  File "<frozen importlib._bootstrap>", line 488, in _call_with_frames_removed
  File "/app/app/main.py", line 12, in <module>
    import aioredis
  File "/usr/local/lib/python3.12/site-packages/aioredis/__init__.py", line 1, in <module>
    from aioredis.client import Redis, StrictRedis
  File "/usr/local/lib/python3.12/site-packages/aioredis/client.py", line 32, in <module>
    from aioredis.connection import (
  File "/usr/local/lib/python3.12/site-packages/aioredis/connection.py", line 11, in <module>
    from distutils.version import StrictVersion
ModuleNotFoundError: No module named 'distutils'
[2025-09-13 20:24:24 +0000] [50] [INFO] Worker exiting (pid: 50)
[2025-09-13 20:24:24 +0000] [53] [ERROR] Exception in worker process
Traceback (most recent call last):
  File "/usr/local/lib/python3.12/site-packages/gunicorn/arbiter.py", line 609, in spawn_worker
    worker.init_process()
  File "/usr/local/lib/python3.12/site-packages/uvicorn/workers.py", line 75, in init_process
    super().init_process()
  File "/usr/local/lib/python3.12/site-packages/gunicorn/workers/base.py", line 134, in init_process
    self.load_wsgi()
  File "/usr/local/lib/python3.12/site-packages/gunicorn/workers/base.py", line 146, in load_wsgi
    self.wsgi = self.app.wsgi()
                ^^^^^^^^^^^^^^^
  File "/usr/local/lib/python3.12/site-packages/gunicorn/app/base.py", line 67, in wsgi
    self.callable = self.load()
                    ^^^^^^^^^^^
  File "/usr/local/lib/python3.12/site-packages/gunicorn/app/wsgiapp.py", line 58, in load
    return self.load_wsgiapp()
           ^^^^^^^^^^^^^^^^^^^
  File "/usr/local/lib/python3.12/site-packages/gunicorn/app/wsgiapp.py", line 48, in load_wsgiapp
    return util.import_app(self.app_uri)
           ^^^^^^^^^^^^^^^^^^^^^^^^^^^^^
  File "/usr/local/lib/python3.12/site-packages/gunicorn/util.py", line 371, in import_app
    mod = importlib.import_module(module)
          ^^^^^^^^^^^^^^^^^^^^^^^^^^^^^^^
  File "/usr/local/lib/python3.12/importlib/__init__.py", line 90, in import_module
    return _bootstrap._gcd_import(name[level:], package, level)
           ^^^^^^^^^^^^^^^^^^^^^^^^^^^^^^^^^^^^^^^^^^^^^^^^^^^^
  File "<frozen importlib._bootstrap>", line 1387, in _gcd_import
  File "<frozen importlib._bootstrap>", line 1360, in _find_and_load
  File "<frozen importlib._bootstrap>", line 1331, in _find_and_load_unlocked
  File "<frozen importlib._bootstrap>", line 935, in _load_unlocked
  File "<frozen importlib._bootstrap_external>", line 999, in exec_module
  File "<frozen importlib._bootstrap>", line 488, in _call_with_frames_removed
  File "/app/app/main.py", line 12, in <module>
    import aioredis
  File "/usr/local/lib/python3.12/site-packages/aioredis/__init__.py", line 1, in <module>
    from aioredis.client import Redis, StrictRedis
  File "/usr/local/lib/python3.12/site-packages/aioredis/client.py", line 32, in <module>
    from aioredis.connection import (
  File "/usr/local/lib/python3.12/site-packages/aioredis/connection.py", line 11, in <module>
    from distutils.version import StrictVersion
ModuleNotFoundError: No module named 'distutils'
[2025-09-13 20:24:24 +0000] [53] [INFO] Worker exiting (pid: 53)
[2025-09-13 20:24:24 +0000] [52] [ERROR] Exception in worker process
Traceback (most recent call last):
  File "/usr/local/lib/python3.12/site-packages/gunicorn/arbiter.py", line 609, in spawn_worker
    worker.init_process()
  File "/usr/local/lib/python3.12/site-packages/uvicorn/workers.py", line 75, in init_process
    super().init_process()
  File "/usr/local/lib/python3.12/site-packages/gunicorn/workers/base.py", line 134, in init_process
    self.load_wsgi()
  File "/usr/local/lib/python3.12/site-packages/gunicorn/workers/base.py", line 146, in load_wsgi
    self.wsgi = self.app.wsgi()
                ^^^^^^^^^^^^^^^
  File "/usr/local/lib/python3.12/site-packages/gunicorn/app/base.py", line 67, in wsgi
    self.callable = self.load()
                    ^^^^^^^^^^^
  File "/usr/local/lib/python3.12/site-packages/gunicorn/app/wsgiapp.py", line 58, in load
    return self.load_wsgiapp()
           ^^^^^^^^^^^^^^^^^^^
  File "/usr/local/lib/python3.12/site-packages/gunicorn/app/wsgiapp.py", line 48, in load_wsgiapp
    return util.import_app(self.app_uri)
           ^^^^^^^^^^^^^^^^^^^^^^^^^^^^^
  File "/usr/local/lib/python3.12/site-packages/gunicorn/util.py", line 371, in import_app
    mod = importlib.import_module(module)
          ^^^^^^^^^^^^^^^^^^^^^^^^^^^^^^^
  File "/usr/local/lib/python3.12/importlib/__init__.py", line 90, in import_module
    return _bootstrap._gcd_import(name[level:], package, level)
           ^^^^^^^^^^^^^^^^^^^^^^^^^^^^^^^^^^^^^^^^^^^^^^^^^^^^
  File "<frozen importlib._bootstrap>", line 1387, in _gcd_import
  File "<frozen importlib._bootstrap>", line 1360, in _find_and_load
  File "<frozen importlib._bootstrap>", line 1331, in _find_and_load_unlocked
  File "<frozen importlib._bootstrap>", line 935, in _load_unlocked
  File "<frozen importlib._bootstrap_external>", line 999, in exec_module
  File "<frozen importlib._bootstrap>", line 488, in _call_with_frames_removed
  File "/app/app/main.py", line 12, in <module>
    import aioredis
  File "/usr/local/lib/python3.12/site-packages/aioredis/__init__.py", line 1, in <module>
    from aioredis.client import Redis, StrictRedis
  File "/usr/local/lib/python3.12/site-packages/aioredis/client.py", line 32, in <module>
    from aioredis.connection import (
  File "/usr/local/lib/python3.12/site-packages/aioredis/connection.py", line 11, in <module>
    from distutils.version import StrictVersion
ModuleNotFoundError: No module named 'distutils'
[2025-09-13 20:24:24 +0000] [52] [INFO] Worker exiting (pid: 52)
[2025-09-13 20:24:24 +0000] [51] [ERROR] Exception in worker process
Traceback (most recent call last):
  File "/usr/local/lib/python3.12/site-packages/gunicorn/arbiter.py", line 609, in spawn_worker
    worker.init_process()
  File "/usr/local/lib/python3.12/site-packages/uvicorn/workers.py", line 75, in init_process
    super().init_process()
  File "/usr/local/lib/python3.12/site-packages/gunicorn/workers/base.py", line 134, in init_process
    self.load_wsgi()
  File "/usr/local/lib/python3.12/site-packages/gunicorn/workers/base.py", line 146, in load_wsgi
    self.wsgi = self.app.wsgi()
                ^^^^^^^^^^^^^^^
  File "/usr/local/lib/python3.12/site-packages/gunicorn/app/base.py", line 67, in wsgi
    self.callable = self.load()
                    ^^^^^^^^^^^
  File "/usr/local/lib/python3.12/site-packages/gunicorn/app/wsgiapp.py", line 58, in load
    return self.load_wsgiapp()
           ^^^^^^^^^^^^^^^^^^^
  File "/usr/local/lib/python3.12/site-packages/gunicorn/app/wsgiapp.py", line 48, in load_wsgiapp
    return util.import_app(self.app_uri)
           ^^^^^^^^^^^^^^^^^^^^^^^^^^^^^
  File "/usr/local/lib/python3.12/site-packages/gunicorn/util.py", line 371, in import_app
    mod = importlib.import_module(module)
          ^^^^^^^^^^^^^^^^^^^^^^^^^^^^^^^
  File "/usr/local/lib/python3.12/importlib/__init__.py", line 90, in import_module
    return _bootstrap._gcd_import(name[level:], package, level)
           ^^^^^^^^^^^^^^^^^^^^^^^^^^^^^^^^^^^^^^^^^^^^^^^^^^^^
  File "<frozen importlib._bootstrap>", line 1387, in _gcd_import
  File "<frozen importlib._bootstrap>", line 1360, in _find_and_load
  File "<frozen importlib._bootstrap>", line 1331, in _find_and_load_unlocked
  File "<frozen importlib._bootstrap>", line 935, in _load_unlocked
  File "<frozen importlib._bootstrap_external>", line 999, in exec_module
  File "<frozen importlib._bootstrap>", line 488, in _call_with_frames_removed
  File "/app/app/main.py", line 12, in <module>
    import aioredis
  File "/usr/local/lib/python3.12/site-packages/aioredis/__init__.py", line 1, in <module>
    from aioredis.client import Redis, StrictRedis
  File "/usr/local/lib/python3.12/site-packages/aioredis/client.py", line 32, in <module>
    from aioredis.connection import (
  File "/usr/local/lib/python3.12/site-packages/aioredis/connection.py", line 11, in <module>
    from distutils.version import StrictVersion
ModuleNotFoundError: No module named 'distutils'
[2025-09-13 20:24:24 +0000] [51] [INFO] Worker exiting (pid: 51)
[2025-09-13 20:24:24 +0000] [44] [ERROR] Worker (pid:50) exited with code 3
[2025-09-13 20:24:24 +0000] [44] [ERROR] Worker (pid:51) exited with code 3
2025/09/13 20:24:53 [error] 9#9: *2 connect() failed (113: Host is unreachable) while connecting to upstream, client: 127.0.0.1, server: _, request: "GET /healthz HTTP/1.1", upstream: "http://172.18.0.8:8000/healthz", host: "localhost"
2025/09/13 20:25:26 [error] 9#9: *4 connect() failed (113: Host is unreachable) while connecting to upstream, client: 127.0.0.1, server: _, request: "GET /healthz HTTP/1.1", upstream: "http://172.18.0.8:8000/healthz", host: "localhost"
2025/09/13 20:25:59 [error] 9#9: *6 connect() failed (113: Host is unreachable) while connecting to upstream, client: 127.0.0.1, server: _, request: "GET /healthz HTTP/1.1", upstream: "http://172.18.0.8:8000/healthz", host: "localhost"
[2025-09-13 20:26:57 +0000] [44] [INFO] Starting gunicorn 21.2.0
[2025-09-13 20:26:57 +0000] [44] [INFO] Listening at: http://0.0.0.0:8000 (44)
[2025-09-13 20:26:57 +0000] [44] [INFO] Using worker: uvicorn.workers.UvicornWorker
[2025-09-13 20:26:57 +0000] [50] [INFO] Booting worker with pid: 50
[2025-09-13 20:26:57 +0000] [51] [INFO] Booting worker with pid: 51
[2025-09-13 20:26:57 +0000] [52] [INFO] Booting worker with pid: 52
[2025-09-13 20:26:57 +0000] [53] [INFO] Booting worker with pid: 53
[2025-09-13 20:26:58 +0000] [50] [ERROR] Exception in worker process
Traceback (most recent call last):
  File "/usr/local/lib/python3.12/site-packages/gunicorn/arbiter.py", line 609, in spawn_worker
    worker.init_process()
  File "/usr/local/lib/python3.12/site-packages/uvicorn/workers.py", line 75, in init_process
    super().init_process()
  File "/usr/local/lib/python3.12/site-packages/gunicorn/workers/base.py", line 134, in init_process
    self.load_wsgi()
  File "/usr/local/lib/python3.12/site-packages/gunicorn/workers/base.py", line 146, in load_wsgi
    self.wsgi = self.app.wsgi()
                ^^^^^^^^^^^^^^^
  File "/usr/local/lib/python3.12/site-packages/gunicorn/app/base.py", line 67, in wsgi
    self.callable = self.load()
                    ^^^^^^^^^^^
  File "/usr/local/lib/python3.12/site-packages/gunicorn/app/wsgiapp.py", line 58, in load
    return self.load_wsgiapp()
           ^^^^^^^^^^^^^^^^^^^
  File "/usr/local/lib/python3.12/site-packages/gunicorn/app/wsgiapp.py", line 48, in load_wsgiapp
    return util.import_app(self.app_uri)
           ^^^^^^^^^^^^^^^^^^^^^^^^^^^^^
  File "/usr/local/lib/python3.12/site-packages/gunicorn/util.py", line 371, in import_app
    mod = importlib.import_module(module)
          ^^^^^^^^^^^^^^^^^^^^^^^^^^^^^^^
  File "/usr/local/lib/python3.12/importlib/__init__.py", line 90, in import_module
    return _bootstrap._gcd_import(name[level:], package, level)
           ^^^^^^^^^^^^^^^^^^^^^^^^^^^^^^^^^^^^^^^^^^^^^^^^^^^^
  File "<frozen importlib._bootstrap>", line 1387, in _gcd_import
  File "<frozen importlib._bootstrap>", line 1360, in _find_and_load
  File "<frozen importlib._bootstrap>", line 1331, in _find_and_load_unlocked
  File "<frozen importlib._bootstrap>", line 935, in _load_unlocked
  File "<frozen importlib._bootstrap_external>", line 999, in exec_module
  File "<frozen importlib._bootstrap>", line 488, in _call_with_frames_removed
  File "/app/app/main.py", line 12, in <module>
    import aioredis
  File "/usr/local/lib/python3.12/site-packages/aioredis/__init__.py", line 1, in <module>
    from aioredis.client import Redis, StrictRedis
  File "/usr/local/lib/python3.12/site-packages/aioredis/client.py", line 32, in <module>
    from aioredis.connection import (
  File "/usr/local/lib/python3.12/site-packages/aioredis/connection.py", line 11, in <module>
    from distutils.version import StrictVersion
ModuleNotFoundError: No module named 'distutils'
[2025-09-13 20:26:58 +0000] [50] [INFO] Worker exiting (pid: 50)
[2025-09-13 20:26:58 +0000] [53] [ERROR] Exception in worker process
Traceback (most recent call last):
  File "/usr/local/lib/python3.12/site-packages/gunicorn/arbiter.py", line 609, in spawn_worker
    worker.init_process()
  File "/usr/local/lib/python3.12/site-packages/uvicorn/workers.py", line 75, in init_process
    super().init_process()
  File "/usr/local/lib/python3.12/site-packages/gunicorn/workers/base.py", line 134, in init_process
    self.load_wsgi()
  File "/usr/local/lib/python3.12/site-packages/gunicorn/workers/base.py", line 146, in load_wsgi
    self.wsgi = self.app.wsgi()
                ^^^^^^^^^^^^^^^
  File "/usr/local/lib/python3.12/site-packages/gunicorn/app/base.py", line 67, in wsgi
    self.callable = self.load()
                    ^^^^^^^^^^^
  File "/usr/local/lib/python3.12/site-packages/gunicorn/app/wsgiapp.py", line 58, in load
    return self.load_wsgiapp()
           ^^^^^^^^^^^^^^^^^^^
  File "/usr/local/lib/python3.12/site-packages/gunicorn/app/wsgiapp.py", line 48, in load_wsgiapp
    return util.import_app(self.app_uri)
           ^^^^^^^^^^^^^^^^^^^^^^^^^^^^^
  File "/usr/local/lib/python3.12/site-packages/gunicorn/util.py", line 371, in import_app
    mod = importlib.import_module(module)
          ^^^^^^^^^^^^^^^^^^^^^^^^^^^^^^^
  File "/usr/local/lib/python3.12/importlib/__init__.py", line 90, in import_module
    return _bootstrap._gcd_import(name[level:], package, level)
           ^^^^^^^^^^^^^^^^^^^^^^^^^^^^^^^^^^^^^^^^^^^^^^^^^^^^
  File "<frozen importlib._bootstrap>", line 1387, in _gcd_import
  File "<frozen importlib._bootstrap>", line 1360, in _find_and_load
  File "<frozen importlib._bootstrap>", line 1331, in _find_and_load_unlocked
  File "<frozen importlib._bootstrap>", line 935, in _load_unlocked
  File "<frozen importlib._bootstrap_external>", line 999, in exec_module
  File "<frozen importlib._bootstrap>", line 488, in _call_with_frames_removed
  File "/app/app/main.py", line 12, in <module>
    import aioredis
  File "/usr/local/lib/python3.12/site-packages/aioredis/__init__.py", line 1, in <module>
    from aioredis.client import Redis, StrictRedis
  File "/usr/local/lib/python3.12/site-packages/aioredis/client.py", line 32, in <module>
    from aioredis.connection import (
  File "/usr/local/lib/python3.12/site-packages/aioredis/connection.py", line 11, in <module>
    from distutils.version import StrictVersion
ModuleNotFoundError: No module named 'distutils'
[2025-09-13 20:26:58 +0000] [53] [INFO] Worker exiting (pid: 53)
[2025-09-13 20:26:58 +0000] [52] [ERROR] Exception in worker process
Traceback (most recent call last):
  File "/usr/local/lib/python3.12/site-packages/gunicorn/arbiter.py", line 609, in spawn_worker
    worker.init_process()
  File "/usr/local/lib/python3.12/site-packages/uvicorn/workers.py", line 75, in init_process
    super().init_process()
  File "/usr/local/lib/python3.12/site-packages/gunicorn/workers/base.py", line 134, in init_process
    self.load_wsgi()
  File "/usr/local/lib/python3.12/site-packages/gunicorn/workers/base.py", line 146, in load_wsgi
    self.wsgi = self.app.wsgi()
                ^^^^^^^^^^^^^^^
  File "/usr/local/lib/python3.12/site-packages/gunicorn/app/base.py", line 67, in wsgi
    self.callable = self.load()
                    ^^^^^^^^^^^
  File "/usr/local/lib/python3.12/site-packages/gunicorn/app/wsgiapp.py", line 58, in load
    return self.load_wsgiapp()
           ^^^^^^^^^^^^^^^^^^^
  File "/usr/local/lib/python3.12/site-packages/gunicorn/app/wsgiapp.py", line 48, in load_wsgiapp
    return util.import_app(self.app_uri)
           ^^^^^^^^^^^^^^^^^^^^^^^^^^^^^
  File "/usr/local/lib/python3.12/site-packages/gunicorn/util.py", line 371, in import_app
    mod = importlib.import_module(module)
          ^^^^^^^^^^^^^^^^^^^^^^^^^^^^^^^
  File "/usr/local/lib/python3.12/importlib/__init__.py", line 90, in import_module
    return _bootstrap._gcd_import(name[level:], package, level)
           ^^^^^^^^^^^^^^^^^^^^^^^^^^^^^^^^^^^^^^^^^^^^^^^^^^^^
  File "<frozen importlib._bootstrap>", line 1387, in _gcd_import
  File "<frozen importlib._bootstrap>", line 1360, in _find_and_load
  File "<frozen importlib._bootstrap>", line 1331, in _find_and_load_unlocked
  File "<frozen importlib._bootstrap>", line 935, in _load_unlocked
  File "<frozen importlib._bootstrap_external>", line 999, in exec_module
  File "<frozen importlib._bootstrap>", line 488, in _call_with_frames_removed
  File "/app/app/main.py", line 12, in <module>
    import aioredis
  File "/usr/local/lib/python3.12/site-packages/aioredis/__init__.py", line 1, in <module>
    from aioredis.client import Redis, StrictRedis
  File "/usr/local/lib/python3.12/site-packages/aioredis/client.py", line 32, in <module>
    from aioredis.connection import (
  File "/usr/local/lib/python3.12/site-packages/aioredis/connection.py", line 11, in <module>
    from distutils.version import StrictVersion
ModuleNotFoundError: No module named 'distutils'
[2025-09-13 20:26:58 +0000] [52] [INFO] Worker exiting (pid: 52)
[2025-09-13 20:26:58 +0000] [51] [ERROR] Exception in worker process
Traceback (most recent call last):
  File "/usr/local/lib/python3.12/site-packages/gunicorn/arbiter.py", line 609, in spawn_worker
    worker.init_process()
  File "/usr/local/lib/python3.12/site-packages/uvicorn/workers.py", line 75, in init_process
    super().init_process()
  File "/usr/local/lib/python3.12/site-packages/gunicorn/workers/base.py", line 134, in init_process
    self.load_wsgi()
  File "/usr/local/lib/python3.12/site-packages/gunicorn/workers/base.py", line 146, in load_wsgi
    self.wsgi = self.app.wsgi()
                ^^^^^^^^^^^^^^^
  File "/usr/local/lib/python3.12/site-packages/gunicorn/app/base.py", line 67, in wsgi
    self.callable = self.load()
                    ^^^^^^^^^^^
  File "/usr/local/lib/python3.12/site-packages/gunicorn/app/wsgiapp.py", line 58, in load
    return self.load_wsgiapp()
           ^^^^^^^^^^^^^^^^^^^
  File "/usr/local/lib/python3.12/site-packages/gunicorn/app/wsgiapp.py", line 48, in load_wsgiapp
    return util.import_app(self.app_uri)
           ^^^^^^^^^^^^^^^^^^^^^^^^^^^^^
  File "/usr/local/lib/python3.12/site-packages/gunicorn/util.py", line 371, in import_app
    mod = importlib.import_module(module)
          ^^^^^^^^^^^^^^^^^^^^^^^^^^^^^^^
  File "/usr/local/lib/python3.12/importlib/__init__.py", line 90, in import_module
    return _bootstrap._gcd_import(name[level:], package, level)
           ^^^^^^^^^^^^^^^^^^^^^^^^^^^^^^^^^^^^^^^^^^^^^^^^^^^^
  File "<frozen importlib._bootstrap>", line 1387, in _gcd_import
  File "<frozen importlib._bootstrap>", line 1360, in _find_and_load
  File "<frozen importlib._bootstrap>", line 1331, in _find_and_load_unlocked
  File "<frozen importlib._bootstrap>", line 935, in _load_unlocked
  File "<frozen importlib._bootstrap_external>", line 999, in exec_module
  File "<frozen importlib._bootstrap>", line 488, in _call_with_frames_removed
  File "/app/app/main.py", line 12, in <module>
    import aioredis
  File "/usr/local/lib/python3.12/site-packages/aioredis/__init__.py", line 1, in <module>
    from aioredis.client import Redis, StrictRedis
  File "/usr/local/lib/python3.12/site-packages/aioredis/client.py", line 32, in <module>
    from aioredis.connection import (
  File "/usr/local/lib/python3.12/site-packages/aioredis/connection.py", line 11, in <module>
    from distutils.version import StrictVersion
ModuleNotFoundError: No module named 'distutils'
[2025-09-13 20:26:58 +0000] [51] [INFO] Worker exiting (pid: 51)
[2025-09-13 20:26:58 +0000] [44] [ERROR] Worker (pid:50) exited with code 3
[2025-09-13 20:26:58 +0000] [44] [ERROR] Worker (pid:52) exited with code 3
2025/09/13 20:27:27 [error] 9#9: *2 connect() failed (113: Host is unreachable) while connecting to upstream, client: 127.0.0.1, server: _, request: "GET /healthz HTTP/1.1", upstream: "http://172.18.0.8:8000/healthz", host: "localhost"
2025/09/13 20:28:00 [error] 9#9: *4 connect() failed (113: Host is unreachable) while connecting to upstream, client: 127.0.0.1, server: _, request: "GET /healthz HTTP/1.1", upstream: "http://172.18.0.8:8000/healthz", host: "localhost"
[2025-09-13 20:28:45 +0000] [44] [INFO] Starting gunicorn 21.2.0
[2025-09-13 20:28:45 +0000] [44] [INFO] Listening at: http://0.0.0.0:8000 (44)
[2025-09-13 20:28:45 +0000] [44] [INFO] Using worker: uvicorn.workers.UvicornWorker
[2025-09-13 20:28:45 +0000] [50] [INFO] Booting worker with pid: 50
[2025-09-13 20:28:45 +0000] [51] [INFO] Booting worker with pid: 51
[2025-09-13 20:28:45 +0000] [52] [INFO] Booting worker with pid: 52
[2025-09-13 20:28:45 +0000] [53] [INFO] Booting worker with pid: 53
[2025-09-13 20:28:45 +0000] [50] [ERROR] Exception in worker process
Traceback (most recent call last):
  File "/usr/local/lib/python3.12/site-packages/gunicorn/arbiter.py", line 609, in spawn_worker
    worker.init_process()
  File "/usr/local/lib/python3.12/site-packages/uvicorn/workers.py", line 75, in init_process
    super().init_process()
  File "/usr/local/lib/python3.12/site-packages/gunicorn/workers/base.py", line 134, in init_process
    self.load_wsgi()
  File "/usr/local/lib/python3.12/site-packages/gunicorn/workers/base.py", line 146, in load_wsgi
    self.wsgi = self.app.wsgi()
                ^^^^^^^^^^^^^^^
  File "/usr/local/lib/python3.12/site-packages/gunicorn/app/base.py", line 67, in wsgi
    self.callable = self.load()
                    ^^^^^^^^^^^
  File "/usr/local/lib/python3.12/site-packages/gunicorn/app/wsgiapp.py", line 58, in load
    return self.load_wsgiapp()
           ^^^^^^^^^^^^^^^^^^^
  File "/usr/local/lib/python3.12/site-packages/gunicorn/app/wsgiapp.py", line 48, in load_wsgiapp
    return util.import_app(self.app_uri)
           ^^^^^^^^^^^^^^^^^^^^^^^^^^^^^
  File "/usr/local/lib/python3.12/site-packages/gunicorn/util.py", line 371, in import_app
    mod = importlib.import_module(module)
          ^^^^^^^^^^^^^^^^^^^^^^^^^^^^^^^
  File "/usr/local/lib/python3.12/importlib/__init__.py", line 90, in import_module
    return _bootstrap._gcd_import(name[level:], package, level)
           ^^^^^^^^^^^^^^^^^^^^^^^^^^^^^^^^^^^^^^^^^^^^^^^^^^^^
  File "<frozen importlib._bootstrap>", line 1387, in _gcd_import
  File "<frozen importlib._bootstrap>", line 1360, in _find_and_load
  File "<frozen importlib._bootstrap>", line 1331, in _find_and_load_unlocked
  File "<frozen importlib._bootstrap>", line 935, in _load_unlocked
  File "<frozen importlib._bootstrap_external>", line 999, in exec_module
  File "<frozen importlib._bootstrap>", line 488, in _call_with_frames_removed
  File "/app/app/main.py", line 12, in <module>
    import aioredis
  File "/usr/local/lib/python3.12/site-packages/aioredis/__init__.py", line 1, in <module>
    from aioredis.client import Redis, StrictRedis
  File "/usr/local/lib/python3.12/site-packages/aioredis/client.py", line 32, in <module>
    from aioredis.connection import (
  File "/usr/local/lib/python3.12/site-packages/aioredis/connection.py", line 11, in <module>
    from distutils.version import StrictVersion
ModuleNotFoundError: No module named 'distutils'
[2025-09-13 20:28:45 +0000] [50] [INFO] Worker exiting (pid: 50)
[2025-09-13 20:28:45 +0000] [53] [ERROR] Exception in worker process
Traceback (most recent call last):
  File "/usr/local/lib/python3.12/site-packages/gunicorn/arbiter.py", line 609, in spawn_worker
    worker.init_process()
  File "/usr/local/lib/python3.12/site-packages/uvicorn/workers.py", line 75, in init_process
    super().init_process()
  File "/usr/local/lib/python3.12/site-packages/gunicorn/workers/base.py", line 134, in init_process
    self.load_wsgi()
  File "/usr/local/lib/python3.12/site-packages/gunicorn/workers/base.py", line 146, in load_wsgi
    self.wsgi = self.app.wsgi()
                ^^^^^^^^^^^^^^^
  File "/usr/local/lib/python3.12/site-packages/gunicorn/app/base.py", line 67, in wsgi
    self.callable = self.load()
                    ^^^^^^^^^^^
  File "/usr/local/lib/python3.12/site-packages/gunicorn/app/wsgiapp.py", line 58, in load
    return self.load_wsgiapp()
           ^^^^^^^^^^^^^^^^^^^
  File "/usr/local/lib/python3.12/site-packages/gunicorn/app/wsgiapp.py", line 48, in load_wsgiapp
    return util.import_app(self.app_uri)
           ^^^^^^^^^^^^^^^^^^^^^^^^^^^^^
  File "/usr/local/lib/python3.12/site-packages/gunicorn/util.py", line 371, in import_app
    mod = importlib.import_module(module)
          ^^^^^^^^^^^^^^^^^^^^^^^^^^^^^^^
  File "/usr/local/lib/python3.12/importlib/__init__.py", line 90, in import_module
    return _bootstrap._gcd_import(name[level:], package, level)
           ^^^^^^^^^^^^^^^^^^^^^^^^^^^^^^^^^^^^^^^^^^^^^^^^^^^^
  File "<frozen importlib._bootstrap>", line 1387, in _gcd_import
  File "<frozen importlib._bootstrap>", line 1360, in _find_and_load
  File "<frozen importlib._bootstrap>", line 1331, in _find_and_load_unlocked
  File "<frozen importlib._bootstrap>", line 935, in _load_unlocked
  File "<frozen importlib._bootstrap_external>", line 999, in exec_module
  File "<frozen importlib._bootstrap>", line 488, in _call_with_frames_removed
  File "/app/app/main.py", line 12, in <module>
    import aioredis
  File "/usr/local/lib/python3.12/site-packages/aioredis/__init__.py", line 1, in <module>
    from aioredis.client import Redis, StrictRedis
  File "/usr/local/lib/python3.12/site-packages/aioredis/client.py", line 32, in <module>
    from aioredis.connection import (
  File "/usr/local/lib/python3.12/site-packages/aioredis/connection.py", line 11, in <module>
    from distutils.version import StrictVersion
ModuleNotFoundError: No module named 'distutils'
[2025-09-13 20:28:45 +0000] [53] [INFO] Worker exiting (pid: 53)
[2025-09-13 20:28:45 +0000] [52] [ERROR] Exception in worker process
Traceback (most recent call last):
  File "/usr/local/lib/python3.12/site-packages/gunicorn/arbiter.py", line 609, in spawn_worker
    worker.init_process()
  File "/usr/local/lib/python3.12/site-packages/uvicorn/workers.py", line 75, in init_process
    super().init_process()
  File "/usr/local/lib/python3.12/site-packages/gunicorn/workers/base.py", line 134, in init_process
    self.load_wsgi()
  File "/usr/local/lib/python3.12/site-packages/gunicorn/workers/base.py", line 146, in load_wsgi
    self.wsgi = self.app.wsgi()
                ^^^^^^^^^^^^^^^
  File "/usr/local/lib/python3.12/site-packages/gunicorn/app/base.py", line 67, in wsgi
    self.callable = self.load()
                    ^^^^^^^^^^^
  File "/usr/local/lib/python3.12/site-packages/gunicorn/app/wsgiapp.py", line 58, in load
    return self.load_wsgiapp()
           ^^^^^^^^^^^^^^^^^^^
  File "/usr/local/lib/python3.12/site-packages/gunicorn/app/wsgiapp.py", line 48, in load_wsgiapp
    return util.import_app(self.app_uri)
           ^^^^^^^^^^^^^^^^^^^^^^^^^^^^^
  File "/usr/local/lib/python3.12/site-packages/gunicorn/util.py", line 371, in import_app
    mod = importlib.import_module(module)
          ^^^^^^^^^^^^^^^^^^^^^^^^^^^^^^^
  File "/usr/local/lib/python3.12/importlib/__init__.py", line 90, in import_module
    return _bootstrap._gcd_import(name[level:], package, level)
           ^^^^^^^^^^^^^^^^^^^^^^^^^^^^^^^^^^^^^^^^^^^^^^^^^^^^
  File "<frozen importlib._bootstrap>", line 1387, in _gcd_import
  File "<frozen importlib._bootstrap>", line 1360, in _find_and_load
  File "<frozen importlib._bootstrap>", line 1331, in _find_and_load_unlocked
  File "<frozen importlib._bootstrap>", line 935, in _load_unlocked
  File "<frozen importlib._bootstrap_external>", line 999, in exec_module
  File "<frozen importlib._bootstrap>", line 488, in _call_with_frames_removed
  File "/app/app/main.py", line 12, in <module>
    import aioredis
  File "/usr/local/lib/python3.12/site-packages/aioredis/__init__.py", line 1, in <module>
    from aioredis.client import Redis, StrictRedis
  File "/usr/local/lib/python3.12/site-packages/aioredis/client.py", line 32, in <module>
    from aioredis.connection import (
  File "/usr/local/lib/python3.12/site-packages/aioredis/connection.py", line 11, in <module>
    from distutils.version import StrictVersion
ModuleNotFoundError: No module named 'distutils'
[2025-09-13 20:28:45 +0000] [52] [INFO] Worker exiting (pid: 52)
[2025-09-13 20:28:45 +0000] [51] [ERROR] Exception in worker process
Traceback (most recent call last):
  File "/usr/local/lib/python3.12/site-packages/gunicorn/arbiter.py", line 609, in spawn_worker
    worker.init_process()
  File "/usr/local/lib/python3.12/site-packages/uvicorn/workers.py", line 75, in init_process
    super().init_process()
  File "/usr/local/lib/python3.12/site-packages/gunicorn/workers/base.py", line 134, in init_process
    self.load_wsgi()
  File "/usr/local/lib/python3.12/site-packages/gunicorn/workers/base.py", line 146, in load_wsgi
    self.wsgi = self.app.wsgi()
                ^^^^^^^^^^^^^^^
  File "/usr/local/lib/python3.12/site-packages/gunicorn/app/base.py", line 67, in wsgi
    self.callable = self.load()
                    ^^^^^^^^^^^
  File "/usr/local/lib/python3.12/site-packages/gunicorn/app/wsgiapp.py", line 58, in load
    return self.load_wsgiapp()
           ^^^^^^^^^^^^^^^^^^^
  File "/usr/local/lib/python3.12/site-packages/gunicorn/app/wsgiapp.py", line 48, in load_wsgiapp
    return util.import_app(self.app_uri)
           ^^^^^^^^^^^^^^^^^^^^^^^^^^^^^
  File "/usr/local/lib/python3.12/site-packages/gunicorn/util.py", line 371, in import_app
    mod = importlib.import_module(module)
          ^^^^^^^^^^^^^^^^^^^^^^^^^^^^^^^
  File "/usr/local/lib/python3.12/importlib/__init__.py", line 90, in import_module
    return _bootstrap._gcd_import(name[level:], package, level)
           ^^^^^^^^^^^^^^^^^^^^^^^^^^^^^^^^^^^^^^^^^^^^^^^^^^^^
  File "<frozen importlib._bootstrap>", line 1387, in _gcd_import
  File "<frozen importlib._bootstrap>", line 1360, in _find_and_load
  File "<frozen importlib._bootstrap>", line 1331, in _find_and_load_unlocked
  File "<frozen importlib._bootstrap>", line 935, in _load_unlocked
  File "<frozen importlib._bootstrap_external>", line 999, in exec_module
  File "<frozen importlib._bootstrap>", line 488, in _call_with_frames_removed
  File "/app/app/main.py", line 12, in <module>
    import aioredis
  File "/usr/local/lib/python3.12/site-packages/aioredis/__init__.py", line 1, in <module>
    from aioredis.client import Redis, StrictRedis
  File "/usr/local/lib/python3.12/site-packages/aioredis/client.py", line 32, in <module>
    from aioredis.connection import (
  File "/usr/local/lib/python3.12/site-packages/aioredis/connection.py", line 11, in <module>
    from distutils.version import StrictVersion
ModuleNotFoundError: No module named 'distutils'
[2025-09-13 20:28:45 +0000] [51] [INFO] Worker exiting (pid: 51)
[2025-09-13 20:28:46 +0000] [44] [ERROR] Worker (pid:50) exited with code 3
[2025-09-13 20:28:46 +0000] [44] [ERROR] Worker (pid:53) exited with code 3
2025/09/13 20:29:15 [error] 9#9: *2 connect() failed (113: Host is unreachable) while connecting to upstream, client: 127.0.0.1, server: _, request: "GET /healthz HTTP/1.1", upstream: "http://172.18.0.8:8000/healthz", host: "localhost"
2025/09/13 20:29:48 [error] 9#9: *4 connect() failed (113: Host is unreachable) while connecting to upstream, client: 127.0.0.1, server: _, request: "GET /healthz HTTP/1.1", upstream: "http://172.18.0.8:8000/healthz", host: "localhost"
2025/09/13 20:30:21 [error] 9#9: *6 connect() failed (113: Host is unreachable) while connecting to upstream, client: 127.0.0.1, server: _, request: "GET /healthz HTTP/1.1", upstream: "http://172.18.0.8:8000/healthz", host: "localhost"
2025/09/13 20:30:54 [error] 9#9: *8 connect() failed (113: Host is unreachable) while connecting to upstream, client: 127.0.0.1, server: _, request: "GET /healthz HTTP/1.1", upstream: "http://172.18.0.8:8000/healthz", host: "localhost"
[2025-09-13 20:31:40 +0000] [44] [INFO] Starting gunicorn 21.2.0
[2025-09-13 20:31:40 +0000] [44] [INFO] Listening at: http://0.0.0.0:8000 (44)
[2025-09-13 20:31:40 +0000] [44] [INFO] Using worker: uvicorn.workers.UvicornWorker
[2025-09-13 20:31:40 +0000] [50] [INFO] Booting worker with pid: 50
[2025-09-13 20:31:40 +0000] [51] [INFO] Booting worker with pid: 51
[2025-09-13 20:31:40 +0000] [52] [INFO] Booting worker with pid: 52
[2025-09-13 20:31:40 +0000] [53] [INFO] Booting worker with pid: 53
[2025-09-13 20:31:41 +0000] [52] [ERROR] Exception in worker process
Traceback (most recent call last):
  File "/usr/local/lib/python3.12/site-packages/gunicorn/arbiter.py", line 609, in spawn_worker
    worker.init_process()
  File "/usr/local/lib/python3.12/site-packages/uvicorn/workers.py", line 75, in init_process
    super().init_process()
  File "/usr/local/lib/python3.12/site-packages/gunicorn/workers/base.py", line 134, in init_process
    self.load_wsgi()
  File "/usr/local/lib/python3.12/site-packages/gunicorn/workers/base.py", line 146, in load_wsgi
    self.wsgi = self.app.wsgi()
                ^^^^^^^^^^^^^^^
  File "/usr/local/lib/python3.12/site-packages/gunicorn/app/base.py", line 67, in wsgi
    self.callable = self.load()
                    ^^^^^^^^^^^
  File "/usr/local/lib/python3.12/site-packages/gunicorn/app/wsgiapp.py", line 58, in load
    return self.load_wsgiapp()
           ^^^^^^^^^^^^^^^^^^^
  File "/usr/local/lib/python3.12/site-packages/gunicorn/app/wsgiapp.py", line 48, in load_wsgiapp
    return util.import_app(self.app_uri)
           ^^^^^^^^^^^^^^^^^^^^^^^^^^^^^
  File "/usr/local/lib/python3.12/site-packages/gunicorn/util.py", line 371, in import_app
    mod = importlib.import_module(module)
          ^^^^^^^^^^^^^^^^^^^^^^^^^^^^^^^
  File "/usr/local/lib/python3.12/importlib/__init__.py", line 90, in import_module
    return _bootstrap._gcd_import(name[level:], package, level)
           ^^^^^^^^^^^^^^^^^^^^^^^^^^^^^^^^^^^^^^^^^^^^^^^^^^^^
  File "<frozen importlib._bootstrap>", line 1387, in _gcd_import
  File "<frozen importlib._bootstrap>", line 1360, in _find_and_load
  File "<frozen importlib._bootstrap>", line 1331, in _find_and_load_unlocked
  File "<frozen importlib._bootstrap>", line 935, in _load_unlocked
  File "<frozen importlib._bootstrap_external>", line 999, in exec_module
  File "<frozen importlib._bootstrap>", line 488, in _call_with_frames_removed
  File "/app/app/main.py", line 12, in <module>
    import aioredis
  File "/usr/local/lib/python3.12/site-packages/aioredis/__init__.py", line 1, in <module>
    from aioredis.client import Redis, StrictRedis
  File "/usr/local/lib/python3.12/site-packages/aioredis/client.py", line 32, in <module>
    from aioredis.connection import (
  File "/usr/local/lib/python3.12/site-packages/aioredis/connection.py", line 11, in <module>
    from distutils.version import StrictVersion
ModuleNotFoundError: No module named 'distutils'
[2025-09-13 20:31:41 +0000] [52] [INFO] Worker exiting (pid: 52)
[2025-09-13 20:31:41 +0000] [51] [ERROR] Exception in worker process
Traceback (most recent call last):
  File "/usr/local/lib/python3.12/site-packages/gunicorn/arbiter.py", line 609, in spawn_worker
    worker.init_process()
  File "/usr/local/lib/python3.12/site-packages/uvicorn/workers.py", line 75, in init_process
    super().init_process()
  File "/usr/local/lib/python3.12/site-packages/gunicorn/workers/base.py", line 134, in init_process
    self.load_wsgi()
  File "/usr/local/lib/python3.12/site-packages/gunicorn/workers/base.py", line 146, in load_wsgi
    self.wsgi = self.app.wsgi()
                ^^^^^^^^^^^^^^^
  File "/usr/local/lib/python3.12/site-packages/gunicorn/app/base.py", line 67, in wsgi
    self.callable = self.load()
                    ^^^^^^^^^^^
  File "/usr/local/lib/python3.12/site-packages/gunicorn/app/wsgiapp.py", line 58, in load
    return self.load_wsgiapp()
           ^^^^^^^^^^^^^^^^^^^
  File "/usr/local/lib/python3.12/site-packages/gunicorn/app/wsgiapp.py", line 48, in load_wsgiapp
    return util.import_app(self.app_uri)
           ^^^^^^^^^^^^^^^^^^^^^^^^^^^^^
  File "/usr/local/lib/python3.12/site-packages/gunicorn/util.py", line 371, in import_app
    mod = importlib.import_module(module)
          ^^^^^^^^^^^^^^^^^^^^^^^^^^^^^^^
  File "/usr/local/lib/python3.12/importlib/__init__.py", line 90, in import_module
    return _bootstrap._gcd_import(name[level:], package, level)
           ^^^^^^^^^^^^^^^^^^^^^^^^^^^^^^^^^^^^^^^^^^^^^^^^^^^^
  File "<frozen importlib._bootstrap>", line 1387, in _gcd_import
  File "<frozen importlib._bootstrap>", line 1360, in _find_and_load
  File "<frozen importlib._bootstrap>", line 1331, in _find_and_load_unlocked
  File "<frozen importlib._bootstrap>", line 935, in _load_unlocked
  File "<frozen importlib._bootstrap_external>", line 999, in exec_module
  File "<frozen importlib._bootstrap>", line 488, in _call_with_frames_removed
  File "/app/app/main.py", line 12, in <module>
    import aioredis
  File "/usr/local/lib/python3.12/site-packages/aioredis/__init__.py", line 1, in <module>
    from aioredis.client import Redis, StrictRedis
  File "/usr/local/lib/python3.12/site-packages/aioredis/client.py", line 32, in <module>
    from aioredis.connection import (
  File "/usr/local/lib/python3.12/site-packages/aioredis/connection.py", line 11, in <module>
    from distutils.version import StrictVersion
ModuleNotFoundError: No module named 'distutils'
[2025-09-13 20:31:41 +0000] [53] [ERROR] Exception in worker process
Traceback (most recent call last):
  File "/usr/local/lib/python3.12/site-packages/gunicorn/arbiter.py", line 609, in spawn_worker
    worker.init_process()
  File "/usr/local/lib/python3.12/site-packages/uvicorn/workers.py", line 75, in init_process
    super().init_process()
  File "/usr/local/lib/python3.12/site-packages/gunicorn/workers/base.py", line 134, in init_process
    self.load_wsgi()
  File "/usr/local/lib/python3.12/site-packages/gunicorn/workers/base.py", line 146, in load_wsgi
    self.wsgi = self.app.wsgi()
                ^^^^^^^^^^^^^^^
  File "/usr/local/lib/python3.12/site-packages/gunicorn/app/base.py", line 67, in wsgi
    self.callable = self.load()
                    ^^^^^^^^^^^
  File "/usr/local/lib/python3.12/site-packages/gunicorn/app/wsgiapp.py", line 58, in load
    return self.load_wsgiapp()
           ^^^^^^^^^^^^^^^^^^^
  File "/usr/local/lib/python3.12/site-packages/gunicorn/app/wsgiapp.py", line 48, in load_wsgiapp
    return util.import_app(self.app_uri)
           ^^^^^^^^^^^^^^^^^^^^^^^^^^^^^
  File "/usr/local/lib/python3.12/site-packages/gunicorn/util.py", line 371, in import_app
    mod = importlib.import_module(module)
          ^^^^^^^^^^^^^^^^^^^^^^^^^^^^^^^
  File "/usr/local/lib/python3.12/importlib/__init__.py", line 90, in import_module
    return _bootstrap._gcd_import(name[level:], package, level)
           ^^^^^^^^^^^^^^^^^^^^^^^^^^^^^^^^^^^^^^^^^^^^^^^^^^^^
  File "<frozen importlib._bootstrap>", line 1387, in _gcd_import
  File "<frozen importlib._bootstrap>", line 1360, in _find_and_load
  File "<frozen importlib._bootstrap>", line 1331, in _find_and_load_unlocked
  File "<frozen importlib._bootstrap>", line 935, in _load_unlocked
  File "<frozen importlib._bootstrap_external>", line 999, in exec_module
  File "<frozen importlib._bootstrap>", line 488, in _call_with_frames_removed
  File "/app/app/main.py", line 12, in <module>
    import aioredis
  File "/usr/local/lib/python3.12/site-packages/aioredis/__init__.py", line 1, in <module>
    from aioredis.client import Redis, StrictRedis
  File "/usr/local/lib/python3.12/site-packages/aioredis/client.py", line 32, in <module>
    from aioredis.connection import (
  File "/usr/local/lib/python3.12/site-packages/aioredis/connection.py", line 11, in <module>
    from distutils.version import StrictVersion
ModuleNotFoundError: No module named 'distutils'
[2025-09-13 20:31:41 +0000] [51] [INFO] Worker exiting (pid: 51)
[2025-09-13 20:31:41 +0000] [53] [INFO] Worker exiting (pid: 53)
[2025-09-13 20:31:41 +0000] [50] [ERROR] Exception in worker process
Traceback (most recent call last):
  File "/usr/local/lib/python3.12/site-packages/gunicorn/arbiter.py", line 609, in spawn_worker
    worker.init_process()
  File "/usr/local/lib/python3.12/site-packages/uvicorn/workers.py", line 75, in init_process
    super().init_process()
  File "/usr/local/lib/python3.12/site-packages/gunicorn/workers/base.py", line 134, in init_process
    self.load_wsgi()
  File "/usr/local/lib/python3.12/site-packages/gunicorn/workers/base.py", line 146, in load_wsgi
    self.wsgi = self.app.wsgi()
                ^^^^^^^^^^^^^^^
  File "/usr/local/lib/python3.12/site-packages/gunicorn/app/base.py", line 67, in wsgi
    self.callable = self.load()
                    ^^^^^^^^^^^
  File "/usr/local/lib/python3.12/site-packages/gunicorn/app/wsgiapp.py", line 58, in load
    return self.load_wsgiapp()
           ^^^^^^^^^^^^^^^^^^^
  File "/usr/local/lib/python3.12/site-packages/gunicorn/app/wsgiapp.py", line 48, in load_wsgiapp
    return util.import_app(self.app_uri)
           ^^^^^^^^^^^^^^^^^^^^^^^^^^^^^
  File "/usr/local/lib/python3.12/site-packages/gunicorn/util.py", line 371, in import_app
    mod = importlib.import_module(module)
          ^^^^^^^^^^^^^^^^^^^^^^^^^^^^^^^
  File "/usr/local/lib/python3.12/importlib/__init__.py", line 90, in import_module
    return _bootstrap._gcd_import(name[level:], package, level)
           ^^^^^^^^^^^^^^^^^^^^^^^^^^^^^^^^^^^^^^^^^^^^^^^^^^^^
  File "<frozen importlib._bootstrap>", line 1387, in _gcd_import
  File "<frozen importlib._bootstrap>", line 1360, in _find_and_load
  File "<frozen importlib._bootstrap>", line 1331, in _find_and_load_unlocked
  File "<frozen importlib._bootstrap>", line 935, in _load_unlocked
  File "<frozen importlib._bootstrap_external>", line 999, in exec_module
  File "<frozen importlib._bootstrap>", line 488, in _call_with_frames_removed
  File "/app/app/main.py", line 12, in <module>
    import aioredis
  File "/usr/local/lib/python3.12/site-packages/aioredis/__init__.py", line 1, in <module>
    from aioredis.client import Redis, StrictRedis
  File "/usr/local/lib/python3.12/site-packages/aioredis/client.py", line 32, in <module>
    from aioredis.connection import (
  File "/usr/local/lib/python3.12/site-packages/aioredis/connection.py", line 11, in <module>
    from distutils.version import StrictVersion
ModuleNotFoundError: No module named 'distutils'
[2025-09-13 20:31:41 +0000] [50] [INFO] Worker exiting (pid: 50)
[2025-09-13 20:31:41 +0000] [44] [ERROR] Worker (pid:51) exited with code 3
[2025-09-13 20:31:41 +0000] [44] [ERROR] Worker (pid:52) exited with code 3
2025/09/13 20:32:11 [error] 9#9: *2 connect() failed (113: Host is unreachable) while connecting to upstream, client: 127.0.0.1, server: _, request: "GET /healthz HTTP/1.1", upstream: "http://172.18.0.8:8000/healthz", host: "localhost"
2025/09/13 20:32:44 [error] 9#9: *4 connect() failed (113: Host is unreachable) while connecting to upstream, client: 127.0.0.1, server: _, request: "GET /healthz HTTP/1.1", upstream: "http://172.18.0.8:8000/healthz", host: "localhost"
2025/09/13 20:33:17 [error] 9#9: *6 connect() failed (113: Host is unreachable) while connecting to upstream, client: 127.0.0.1, server: _, request: "GET /healthz HTTP/1.1", upstream: "http://172.18.0.8:8000/healthz", host: "localhost"
[2025-09-13 20:33:58 +0000] [8] [INFO] Starting gunicorn 21.2.0
[2025-09-13 20:33:58 +0000] [8] [INFO] Listening at: http://0.0.0.0:8000 (8)
[2025-09-13 20:33:58 +0000] [8] [INFO] Using worker: uvicorn.workers.UvicornWorker
[2025-09-13 20:33:58 +0000] [14] [INFO] Booting worker with pid: 14
[2025-09-13 20:33:58 +0000] [15] [INFO] Booting worker with pid: 15
[2025-09-13 20:33:58 +0000] [16] [INFO] Booting worker with pid: 16
[2025-09-13 20:33:58 +0000] [17] [INFO] Booting worker with pid: 17
[2025-09-13 20:33:58 +0000] [14] [ERROR] Exception in worker process
Traceback (most recent call last):
  File "/usr/local/lib/python3.12/site-packages/gunicorn/arbiter.py", line 609, in spawn_worker
    worker.init_process()
  File "/usr/local/lib/python3.12/site-packages/uvicorn/workers.py", line 75, in init_process
    super().init_process()
  File "/usr/local/lib/python3.12/site-packages/gunicorn/workers/base.py", line 134, in init_process
    self.load_wsgi()
  File "/usr/local/lib/python3.12/site-packages/gunicorn/workers/base.py", line 146, in load_wsgi
    self.wsgi = self.app.wsgi()
                ^^^^^^^^^^^^^^^
  File "/usr/local/lib/python3.12/site-packages/gunicorn/app/base.py", line 67, in wsgi
    self.callable = self.load()
                    ^^^^^^^^^^^
  File "/usr/local/lib/python3.12/site-packages/gunicorn/app/wsgiapp.py", line 58, in load
    return self.load_wsgiapp()
           ^^^^^^^^^^^^^^^^^^^
  File "/usr/local/lib/python3.12/site-packages/gunicorn/app/wsgiapp.py", line 48, in load_wsgiapp
    return util.import_app(self.app_uri)
           ^^^^^^^^^^^^^^^^^^^^^^^^^^^^^
  File "/usr/local/lib/python3.12/site-packages/gunicorn/util.py", line 371, in import_app
    mod = importlib.import_module(module)
          ^^^^^^^^^^^^^^^^^^^^^^^^^^^^^^^
  File "/usr/local/lib/python3.12/importlib/__init__.py", line 90, in import_module
    return _bootstrap._gcd_import(name[level:], package, level)
           ^^^^^^^^^^^^^^^^^^^^^^^^^^^^^^^^^^^^^^^^^^^^^^^^^^^^
  File "<frozen importlib._bootstrap>", line 1387, in _gcd_import
  File "<frozen importlib._bootstrap>", line 1360, in _find_and_load
  File "<frozen importlib._bootstrap>", line 1331, in _find_and_load_unlocked
  File "<frozen importlib._bootstrap>", line 935, in _load_unlocked
  File "<frozen importlib._bootstrap_external>", line 999, in exec_module
  File "<frozen importlib._bootstrap>", line 488, in _call_with_frames_removed
  File "/app/app/main.py", line 12, in <module>
    import aioredis
  File "/usr/local/lib/python3.12/site-packages/aioredis/__init__.py", line 1, in <module>
    from aioredis.client import Redis, StrictRedis
  File "/usr/local/lib/python3.12/site-packages/aioredis/client.py", line 32, in <module>
    from aioredis.connection import (
  File "/usr/local/lib/python3.12/site-packages/aioredis/connection.py", line 11, in <module>
    from distutils.version import StrictVersion
ModuleNotFoundError: No module named 'distutils'
[2025-09-13 20:33:58 +0000] [14] [INFO] Worker exiting (pid: 14)
[2025-09-13 20:33:58 +0000] [17] [ERROR] Exception in worker process
Traceback (most recent call last):
  File "/usr/local/lib/python3.12/site-packages/gunicorn/arbiter.py", line 609, in spawn_worker
    worker.init_process()
  File "/usr/local/lib/python3.12/site-packages/uvicorn/workers.py", line 75, in init_process
    super().init_process()
  File "/usr/local/lib/python3.12/site-packages/gunicorn/workers/base.py", line 134, in init_process
    self.load_wsgi()
  File "/usr/local/lib/python3.12/site-packages/gunicorn/workers/base.py", line 146, in load_wsgi
    self.wsgi = self.app.wsgi()
                ^^^^^^^^^^^^^^^
  File "/usr/local/lib/python3.12/site-packages/gunicorn/app/base.py", line 67, in wsgi
    self.callable = self.load()
                    ^^^^^^^^^^^
  File "/usr/local/lib/python3.12/site-packages/gunicorn/app/wsgiapp.py", line 58, in load
    return self.load_wsgiapp()
           ^^^^^^^^^^^^^^^^^^^
  File "/usr/local/lib/python3.12/site-packages/gunicorn/app/wsgiapp.py", line 48, in load_wsgiapp
    return util.import_app(self.app_uri)
           ^^^^^^^^^^^^^^^^^^^^^^^^^^^^^
  File "/usr/local/lib/python3.12/site-packages/gunicorn/util.py", line 371, in import_app
    mod = importlib.import_module(module)
          ^^^^^^^^^^^^^^^^^^^^^^^^^^^^^^^
  File "/usr/local/lib/python3.12/importlib/__init__.py", line 90, in import_module
    return _bootstrap._gcd_import(name[level:], package, level)
           ^^^^^^^^^^^^^^^^^^^^^^^^^^^^^^^^^^^^^^^^^^^^^^^^^^^^
  File "<frozen importlib._bootstrap>", line 1387, in _gcd_import
  File "<frozen importlib._bootstrap>", line 1360, in _find_and_load
  File "<frozen importlib._bootstrap>", line 1331, in _find_and_load_unlocked
  File "<frozen importlib._bootstrap>", line 935, in _load_unlocked
  File "<frozen importlib._bootstrap_external>", line 999, in exec_module
  File "<frozen importlib._bootstrap>", line 488, in _call_with_frames_removed
  File "/app/app/main.py", line 12, in <module>
    import aioredis
  File "/usr/local/lib/python3.12/site-packages/aioredis/__init__.py", line 1, in <module>
    from aioredis.client import Redis, StrictRedis
  File "/usr/local/lib/python3.12/site-packages/aioredis/client.py", line 32, in <module>
    from aioredis.connection import (
  File "/usr/local/lib/python3.12/site-packages/aioredis/connection.py", line 11, in <module>
    from distutils.version import StrictVersion
ModuleNotFoundError: No module named 'distutils'
[2025-09-13 20:33:58 +0000] [17] [INFO] Worker exiting (pid: 17)
[2025-09-13 20:33:58 +0000] [16] [ERROR] Exception in worker process
Traceback (most recent call last):
  File "/usr/local/lib/python3.12/site-packages/gunicorn/arbiter.py", line 609, in spawn_worker
    worker.init_process()
  File "/usr/local/lib/python3.12/site-packages/uvicorn/workers.py", line 75, in init_process
    super().init_process()
  File "/usr/local/lib/python3.12/site-packages/gunicorn/workers/base.py", line 134, in init_process
    self.load_wsgi()
  File "/usr/local/lib/python3.12/site-packages/gunicorn/workers/base.py", line 146, in load_wsgi
    self.wsgi = self.app.wsgi()
                ^^^^^^^^^^^^^^^
  File "/usr/local/lib/python3.12/site-packages/gunicorn/app/base.py", line 67, in wsgi
    self.callable = self.load()
                    ^^^^^^^^^^^
  File "/usr/local/lib/python3.12/site-packages/gunicorn/app/wsgiapp.py", line 58, in load
    return self.load_wsgiapp()
           ^^^^^^^^^^^^^^^^^^^
  File "/usr/local/lib/python3.12/site-packages/gunicorn/app/wsgiapp.py", line 48, in load_wsgiapp
    return util.import_app(self.app_uri)
           ^^^^^^^^^^^^^^^^^^^^^^^^^^^^^
  File "/usr/local/lib/python3.12/site-packages/gunicorn/util.py", line 371, in import_app
    mod = importlib.import_module(module)
          ^^^^^^^^^^^^^^^^^^^^^^^^^^^^^^^
  File "/usr/local/lib/python3.12/importlib/__init__.py", line 90, in import_module
    return _bootstrap._gcd_import(name[level:], package, level)
           ^^^^^^^^^^^^^^^^^^^^^^^^^^^^^^^^^^^^^^^^^^^^^^^^^^^^
  File "<frozen importlib._bootstrap>", line 1387, in _gcd_import
  File "<frozen importlib._bootstrap>", line 1360, in _find_and_load
  File "<frozen importlib._bootstrap>", line 1331, in _find_and_load_unlocked
  File "<frozen importlib._bootstrap>", line 935, in _load_unlocked
  File "<frozen importlib._bootstrap_external>", line 999, in exec_module
  File "<frozen importlib._bootstrap>", line 488, in _call_with_frames_removed
  File "/app/app/main.py", line 12, in <module>
    import aioredis
  File "/usr/local/lib/python3.12/site-packages/aioredis/__init__.py", line 1, in <module>
    from aioredis.client import Redis, StrictRedis
  File "/usr/local/lib/python3.12/site-packages/aioredis/client.py", line 32, in <module>
    from aioredis.connection import (
  File "/usr/local/lib/python3.12/site-packages/aioredis/connection.py", line 11, in <module>
    from distutils.version import StrictVersion
ModuleNotFoundError: No module named 'distutils'
[2025-09-13 20:33:58 +0000] [16] [INFO] Worker exiting (pid: 16)
[2025-09-13 20:33:58 +0000] [15] [ERROR] Exception in worker process
Traceback (most recent call last):
  File "/usr/local/lib/python3.12/site-packages/gunicorn/arbiter.py", line 609, in spawn_worker
    worker.init_process()
  File "/usr/local/lib/python3.12/site-packages/uvicorn/workers.py", line 75, in init_process
    super().init_process()
  File "/usr/local/lib/python3.12/site-packages/gunicorn/workers/base.py", line 134, in init_process
    self.load_wsgi()
  File "/usr/local/lib/python3.12/site-packages/gunicorn/workers/base.py", line 146, in load_wsgi
    self.wsgi = self.app.wsgi()
                ^^^^^^^^^^^^^^^
  File "/usr/local/lib/python3.12/site-packages/gunicorn/app/base.py", line 67, in wsgi
    self.callable = self.load()
                    ^^^^^^^^^^^
  File "/usr/local/lib/python3.12/site-packages/gunicorn/app/wsgiapp.py", line 58, in load
    return self.load_wsgiapp()
           ^^^^^^^^^^^^^^^^^^^
  File "/usr/local/lib/python3.12/site-packages/gunicorn/app/wsgiapp.py", line 48, in load_wsgiapp
    return util.import_app(self.app_uri)
           ^^^^^^^^^^^^^^^^^^^^^^^^^^^^^
  File "/usr/local/lib/python3.12/site-packages/gunicorn/util.py", line 371, in import_app
    mod = importlib.import_module(module)
          ^^^^^^^^^^^^^^^^^^^^^^^^^^^^^^^
  File "/usr/local/lib/python3.12/importlib/__init__.py", line 90, in import_module
    return _bootstrap._gcd_import(name[level:], package, level)
           ^^^^^^^^^^^^^^^^^^^^^^^^^^^^^^^^^^^^^^^^^^^^^^^^^^^^
  File "<frozen importlib._bootstrap>", line 1387, in _gcd_import
  File "<frozen importlib._bootstrap>", line 1360, in _find_and_load
  File "<frozen importlib._bootstrap>", line 1331, in _find_and_load_unlocked
  File "<frozen importlib._bootstrap>", line 935, in _load_unlocked
  File "<frozen importlib._bootstrap_external>", line 999, in exec_module
  File "<frozen importlib._bootstrap>", line 488, in _call_with_frames_removed
  File "/app/app/main.py", line 12, in <module>
    import aioredis
  File "/usr/local/lib/python3.12/site-packages/aioredis/__init__.py", line 1, in <module>
    from aioredis.client import Redis, StrictRedis
  File "/usr/local/lib/python3.12/site-packages/aioredis/client.py", line 32, in <module>
    from aioredis.connection import (
  File "/usr/local/lib/python3.12/site-packages/aioredis/connection.py", line 11, in <module>
    from distutils.version import StrictVersion
ModuleNotFoundError: No module named 'distutils'
[2025-09-13 20:33:58 +0000] [15] [INFO] Worker exiting (pid: 15)
[2025-09-13 20:33:58 +0000] [8] [ERROR] Worker (pid:14) exited with code 3
[2025-09-13 20:33:58 +0000] [8] [ERROR] Worker (pid:15) exited with code 3
[2025-09-13 20:33:58 +0000] [8] [ERROR] Worker (pid:16) exited with code 3
2025/09/13 20:34:29 [error] 9#9: *2 connect() failed (113: Host is unreachable) while connecting to upstream, client: 127.0.0.1, server: _, request: "GET /healthz HTTP/1.1", upstream: "http://172.18.0.8:8000/healthz", host: "localhost"
